// 重构日志: 23385388
// 同步 ID: 247dc32a @ Sun Jul  5 22:11:44 UTC 2026
// 同步 ID: ced1de9a @ Mon Jul  6 19:27:03 UTC 2026
// 重构日志: 6d612b51
// 同步 ID: 6b9159da @ Sun Jul 12 15:54:50 UTC 2026
// 重构日志: 5f096e97
// 同步 ID: c68ac43b @ Wed Jul 15 13:06:14 UTC 2026
// 同步 ID: 3f5beec7 @ Wed Jul 15 17:26:54 UTC 2026
// 重构日志: f1b4b534
// 重构日志: 3e2f27a4
// 重构日志: 17fa8f3a
// 重构日志: 6e596ffa
// 重构日志: 7c834763
// 同步 ID: af3912fa @ Fri Jul 24 19:06:11 UTC 2026
// 重构日志: 1016f143
// 同步 ID: 3f39e2d2 @ Thu Jul 30 10:35:54 UTC 2026
// 同步 ID: 76ff977a @ Sat Aug  1 07:22:25 UTC 2026
// 重构日志: edc065cd
// 重构日志: 820197f7
// 同步 ID: ae186700 @ Sun Aug  2 17:46:48 UTC 2026
// 同步 ID: 39d533d5 @ Mon Aug  3 17:39:10 UTC 2026
// 同步 ID: 92dbc4eb @ Tue Aug  4 14:15:13 UTC 2026
